// Jest Snapshot v1, https://goo.gl/fbAQLP

exports[`Add Column Tests: Rendering should make sure each column is what its expected to be 1`] = `
"┌────────────────┬──────────────┐
│ Complex Column │ simpleColumn │
├────────────────┼──────────────┤
│  complexValue  │  simpleValue │
└────────────────┴──────────────┘"
`;

exports[`Add Column Tests: Rendering should verify addColumn with custom properties 1`] = `
"┌────────┬────────────┐
│   col1 │ Column Two │
├────────┼────────────┤
│ value1 │            │
│ value2 │        123 │
└────────┴────────────┘"
`;

exports[`Add Column Tests: Rendering should verify that addColumn preserves existing data 1`] = `
"┌────────┬────────┬────────┐
│   col1 │   col2 │   col3 │
├────────┼────────┼────────┤
│ value1 │ value2 │        │
│ value3 │ value4 │        │
│ value5 │ value6 │ value7 │
└────────┴────────┴────────┘"
`;
