// Jest Snapshot v1, https://goo.gl/fbAQLP

exports[`Testing add columnd and verifying the output should handle column with equal minLen and maxLen 1`] = `
"┌────────────┐
│[37m [0m[01mfixedWidth[0m │
├────────────┤
│[37m [0m[37m     short[0m │
│[37m [0m[37mexact fit![0m │
│[37m [0m[37m  too long[0m │
│[37m [0m[37m      text[0m │
└────────────┘"
`;

exports[`Testing add columnd and verifying the output should handle column with zero minLen and maxLen 1`] = `
"┌─────────────────┐
│[37m [0m[01mzeroConstraints[0m │
├─────────────────┤
│[37m [0m[37m   some content[0m │
└─────────────────┘"
`;

exports[`Testing add columnd and verifying the output should handle columns with minLen padding 1`] = `
"┌──────────────────────┬─────────────┐
│[37m [0m[01m        paddedColumn[0m │[37m [0m[01mshortColumn[0m │
├──────────────────────┼─────────────┤
│[37m [0m[37m               short[0m │[37m [0m[37m       text[0m │
└──────────────────────┴─────────────┘"
`;
