// Jest Snapshot v1, https://goo.gl/fbAQLP

exports[`Testing adding columns should allow add new columns in a chain way 1`] = `
"┌─────┬─────┐
│[37m [0m[01mfoo[0m │[37m [0m[01mbar[0m │
├─────┼─────┤
│[37m [0m[37m  1[0m │[37m [0m[37m   [0m │
│[37m [0m[37m   [0m │[37m [0m[37m  2[0m │
└─────┴─────┘"
`;

exports[`Testing adding columns should allow adding a complex column object with chaining 1`] = `
"┌────────────────┬──────────────┐
│[37m [0m[01mComplex Column[0m │[37m [0m[01msimpleColumn[0m │
├────────────────┼──────────────┤
│[37m [0m[34m complexValue [0m │[37m [0m[37m simpleValue[0m │
└────────────────┴──────────────┘"
`;

exports[`Testing adding columns should allow adding a single column 1`] = `
"┌──────────────┐
│[37m [0m[01msingleColumn[0m │
├──────────────┤
│[37m [0m[37m       value[0m │
└──────────────┘"
`;

exports[`Testing adding columns should allow adding columns with colors 1`] = `
"┌───────────────┐
│[37m [0m[01mcoloredColumn[0m │
├───────────────┤
│[37m [0m[31m     redValue[0m │
└───────────────┘"
`;

exports[`Testing adding columns should allow adding columns with different alignments 1`] = `
"┌─────────────┬──────────────┐
│[37m [0m[01mleftAligned[0m │[37m [0m[01mrightAligned[0m │
├─────────────┼──────────────┤
│[37m [0m[37mleft       [0m │[37m [0m[37m       right[0m │
└─────────────┴──────────────┘"
`;

exports[`Testing adding columns should allow adding multiple columns 1`] = `
"┌────────┬────────┐
│[37m [0m[01m  col1[0m │[37m [0m[01m  col2[0m │
├────────┼────────┤
│[37m [0m[37mvalue1[0m │[37m [0m[37mvalue2[0m │
└────────┴────────┘"
`;

exports[`Testing adding columns should handle column with equal minLen and maxLen 1`] = `
"┌────────────┐
│[37m [0m[01mfixedWidth[0m │
├────────────┤
│[37m [0m[37m     short[0m │
│[37m [0m[37mexact fit![0m │
│[37m [0m[37m  too long[0m │
│[37m [0m[37m      text[0m │
└────────────┘"
`;

exports[`Testing adding columns should handle column with zero minLen and maxLen 1`] = `
"┌─────────────────┐
│[37m [0m[01mzeroConstraints[0m │
├─────────────────┤
│[37m [0m[37m   some content[0m │
└─────────────────┘"
`;

exports[`Testing adding columns should handle columns with maxLen constraint 1`] = `
"┌─────────────────┬───────────────────────────────────┐
│ truncatedColumn │                      normalColumn │
├─────────────────┼───────────────────────────────────┤
│       This text │ This text should not be truncated │
│       should be │                                   │
│       truncated │                                   │
└─────────────────┴───────────────────────────────────┘"
`;

exports[`Testing adding columns should handle columns with minLen padding 1`] = `
"┌──────────────────────┬─────────────┐
│[37m [0m[01m        paddedColumn[0m │[37m [0m[01mshortColumn[0m │
├──────────────────────┼─────────────┤
│[37m [0m[37m               short[0m │[37m [0m[37m       text[0m │
└──────────────────────┴─────────────┘"
`;
