// Jest Snapshot v1, https://goo.gl/fbAQLP

exports[`Testing column alignment all kind of alignments are working 1`] = `
"┌──────────────────────┬──────────────────────────────────────────┬────────────────────┐
│[37m [0m[01mred_left_align_index[0m │[37m [0m[01m                        right_align_text[0m │[37m [0m[01mgreen_value_center[0m │
├──────────────────────┼──────────────────────────────────────────┼────────────────────┤
│[37m [0m[31m2                   [0m │[37m [0m[34m                        This row is blue[0m │[37m [0m[32m      10.212      [0m │
│[37m [0m[31m3                   [0m │[37m [0m[31m       I would like some red wine please[0m │[37m [0m[32m      10.212      [0m │
│[37m [0m[31m4                   [0m │[37m [0m[36m      I would like some cyan wine please[0m │[37m [0m[32m      10.212      [0m │
│[37m [0m[31m5                   [0m │[37m [0m[01mI would like some white_bold wine please[0m │[37m [0m[32m      10.212      [0m │
│[37m [0m[31m7                   [0m │[37m [0m[32m   I would like some green gemuse please[0m │[37m [0m[32m        20        [0m │
│[37m [0m[31m8                   [0m │[37m [0m[33m    I would like some gelb bananen bitte[0m │[37m [0m[32m       100        [0m │
└──────────────────────┴──────────────────────────────────────────┴────────────────────┘"
`;

exports[`Testing column alignment should combine alignment with colors and maintain formatting 1`] = `
"┌──────────┬─────────────┬───────────────────────┐
│[37m [0m[01mleftRed [0m │[37m [0m[01m  rightBlue[0m │[37m [0m[01m     centerGreen     [0m │
├──────────┼─────────────┼───────────────────────┤
│[37m [0m[31mRed Left[0m │[37m [0m[34m Blue Right[0m │[37m [0m[32m    Green Center     [0m │
│[37m [0m[31mShort   [0m │[37m [0m[34mMedium Text[0m │[37m [0m[32mVery Long Center Text[0m │
└──────────┴─────────────┴───────────────────────┘"
`;

exports[`Testing column alignment should handle alignment with special characters and numbers 1`] = `
"┌─────────┬──────────┬────────────────┐
│[37m [0m[01mleftNum[0m │[37m [0m[01mrightNum[0m │[37m [0m[01mcenterSpecial [0m │
├─────────┼──────────┼────────────────┤
│[37m [0m[37m12345  [0m │[37m [0m[37m   67890[0m │[37m [0m[37m    !@#$%     [0m │
│[37m [0m[37m-123.45[0m │[37m [0m[37m   678.9[0m │[37m [0m[37m    spaces    [0m │
│[37m [0m[37m0000   [0m │[37m [0m[37m    9999[0m │[37m [0m[37m  ~~middle~~  [0m │
└─────────┴──────────┴────────────────┘"
`;

exports[`Testing column alignment should handle basic left, right, and center alignments 1`] = `
"┌──────────────┬───────────────┬──────────┐
│[37m [0m[01mleft        [0m │[37m [0m[01m        right[0m │[37m [0m[01m center [0m │
├──────────────┼───────────────┼──────────┤
│[37m [0m[37mleft-aligned[0m │[37m [0m[37mright-aligned[0m │[37m [0m[37mcentered[0m │
└──────────────┴───────────────┴──────────┘"
`;

exports[`Testing column alignment should handle complex alignment scenarios with mixed colors and row colors 1`] = `
"┌──────────────────────┬──────────────────────────────────────────┬────────────────────┐
│[37m [0m[01mred_left_align_index[0m │[37m [0m[01m                        right_align_text[0m │[37m [0m[01mgreen_value_center[0m │
├──────────────────────┼──────────────────────────────────────────┼────────────────────┤
│[37m [0m[31m2                   [0m │[37m [0m[34m                        This row is blue[0m │[37m [0m[32m      10.212      [0m │
│[37m [0m[31m3                   [0m │[37m [0m[31m       I would like some red wine please[0m │[37m [0m[32m      10.212      [0m │
│[37m [0m[31m4                   [0m │[37m [0m[36m      I would like some cyan wine please[0m │[37m [0m[32m      10.212      [0m │
│[37m [0m[31m5                   [0m │[37m [0m[01mI would like some white_bold wine please[0m │[37m [0m[32m      10.212      [0m │
│[37m [0m[31m7                   [0m │[37m [0m[32m   I would like some green gemuse please[0m │[37m [0m[32m        20        [0m │
│[37m [0m[31m8                   [0m │[37m [0m[33m    I would like some gelb bananen bitte[0m │[37m [0m[32m       100        [0m │
└──────────────────────┴──────────────────────────────────────────┴────────────────────┘"
`;

exports[`Testing column alignment should maintain alignment with varying content lengths 1`] = `
"┌──────────────────────────┬──────────────────────────┬──────────────────────────┐
│[37m [0m[01mleft                    [0m │[37m [0m[01m                   right[0m │[37m [0m[01m         center         [0m │
├──────────────────────────┼──────────────────────────┼──────────────────────────┤
│[37m [0m[37mshort                   [0m │[37m [0m[37m                   short[0m │[37m [0m[37m         short          [0m │
│[37m [0m[37mmedium length           [0m │[37m [0m[37m           medium length[0m │[37m [0m[37m     medium length      [0m │
│[37m [0m[37mthis is a very long text[0m │[37m [0m[37mthis is a very long text[0m │[37m [0m[37mthis is a very long text[0m │
└──────────────────────────┴──────────────────────────┴──────────────────────────┘"
`;
