// Jest Snapshot v1, https://goo.gl/fbAQLP

exports[`Character Length Handling Tests should handle basic emoji characters with custom lengths 1`] = `
"┌──────┬───────┬─────────────┐
│[37m [0m[01mname[0m │[37m [0m[01memoji[0m │[37m [0m[01mdescription[0m │
├──────┼───────┼─────────────┤
│[37m [0m[37mLike[0m │[37m [0m[37m   👍[0m │[37m [0m[37m  Thumbs up[0m │
│[37m [0m[37mLove[0m │[37m [0m[37m   ❤️[0m │[37m [0m[37m      Heart[0m │
│[37m [0m[37mStar[0m │[37m [0m[37m   🌟[0m │[37m [0m[37mStar rating[0m │
└──────┴───────┴─────────────┘"
`;

exports[`Character Length Handling Tests should handle complex emoji combinations 1`] = `
"┌────────────┬───────┬─────────────────┐
│[37m [0m[01m      type[0m │[37m [0m[01memoji[0m │[37m [0m[01m    description[0m │
├────────────┼───────┼─────────────────┤
│[37m [0m[37m    Family[0m │[37m [0m[37m   👨‍👩‍👧‍👦[0m │[37m [0m[37mComplete family[0m │
│[37m [0m[37m  Activity[0m │[37m [0m[37m   🏃‍♂️[0m │[37m [0m[37m Running person[0m │
│[37m [0m[37mProfession[0m │[37m [0m[37m   👩‍💻[0m │[37m [0m[37m      Developer[0m │
│[37m [0m[37m    Symbol[0m │[37m [0m[37m   🌈[0m │[37m [0m[37m        Rainbow[0m │
└────────────┴───────┴─────────────────┘"
`;

exports[`Character Length Handling Tests should handle emoji with different width specifications 1`] = `
"┌────────┬───────────────────┬───────────┐
│[37m [0m[01msymbol[0m │[37m [0m[01m      description[0m │[37m [0m[01m  example[0m │
├────────┼───────────────────┼───────────┤
│[37m [0m[37m   🌍[0m │[37m [0m[37m Globe (width: 3)[0m │[37m [0m[37m🌍 World[0m │
│[37m [0m[37m    📱[0m │[37m [0m[37m Phone (width: 2)[0m │[37m [0m[37m📱 Mobile[0m │
│[37m [0m[37m     •[0m │[37m [0m[37mBullet (width: 1)[0m │[37m [0m[37m  • Point[0m │
│[37m [0m[37m     →[0m │[37m [0m[37m Arrow (width: 1)[0m │[37m [0m[37m   → Next[0m │
└────────┴───────────────────┴───────────┘"
`;

exports[`Character Length Handling Tests should handle emojis in different column alignments 1`] = `
"┌───────────┬────────┬─────────┐
│[37m [0m[01mleft     [0m │[37m [0m[01mcenter[0m │[37m [0m[01m  right[0m │
├───────────┼────────┼─────────┤
│[37m [0m[37m🎯 Target[0m │[37m [0m[37m🎨 Art[0m │[37m [0m[37m🎲 Game[0m │
│[37m [0m[37mTarget 🎯[0m │[37m [0m[37mArt 🎨[0m │[37m [0m[37mGame 🎲[0m │
└───────────┴────────┴─────────┘"
`;

exports[`Character Length Handling Tests should handle mixed emoji and text content 1`] = `
"┌────────────────┬─────────────┬────────┐
│[37m [0m[01m         title[0m │[37m [0m[01m    content[0m │[37m [0m[01mrating[0m │
├────────────────┼─────────────┼────────┤
│[37m [0m[37mCelebration 🎉[0m │[37m [0m[37mParty time![0m │[37m [0m[37m ⭐⭐⭐[0m │
│[37m [0m[37m      Notes 📝[0m │[37m [0m[37m Take notes[0m │[37m [0m[37m   ⭐⭐[0m │
│[37m [0m[37m     Special ✨[0m │[37m [0m[37m   Sparkles[0m │[37m [0m[37m     ⭐[0m │
└────────────────┴─────────────┴────────┘"
`;
