// Jest Snapshot v1, https://goo.gl/fbAQLP

exports[`Example: Print a simple Table with Custom char len Custom char len is working 1`] = `
"┌─────────────┬───────┐
│[37m [0m[01mDescription[0m │[37m [0m[01memoji[0m │
├─────────────┼───────┤
│[37m [0m[37m         👩‍👩‍👧[0m │[37m [0m[37m   😅[0m │
└─────────────┴───────┘"
`;

exports[`Testing character length handling should handle basic emoji character lengths 1`] = `
"┌─────────────┬───────┐
│[37m [0m[01mDescription[0m │[37m [0m[01memoji[0m │
├─────────────┼───────┤
│[37m [0m[37m         👩‍👩‍👧[0m │[37m [0m[37m   😅[0m │
└─────────────┴───────┘"
`;

exports[`Testing character length handling should handle complex unicode characters 1`] = `
"┌───────────────────────────┐
│[37m [0m[01m          complex_unicode[0m │
├───────────────────────────┤
│[37m [0m[37m               Family: 👨‍👩‍👧‍👦[0m │
│[37m [0m[37m                Pride: 🏳️‍🌈[0m │
│[37m [0m[37m                 Work: 👨‍💻[0m │
└───────────────────────────┘"
`;

exports[`Testing character length handling should handle dynamic charLength updates 1`] = `
"┌─────────────┐
│[37m [0m[01m    planets[0m │
├─────────────┤
│[37m [0m[37m   🌍 Earth[0m │
│[37m [0m[37m🌎 Americas[0m │
│[37m [0m[37m    🌏 Asia[0m │
└─────────────┘"
`;

exports[`Testing character length handling should handle mixed text and emoji content 1`] = `
"┌──────────────────────┐
│[37m [0m[01m       mixed_content[0m │
├──────────────────────┤
│[37m [0m[37m      Hello 🌟 World[0m │
│[37m [0m[37m       📝 Notes here[0m │
│[37m [0m[37m        Regular text[0m │
└──────────────────────┘"
`;

exports[`Testing character length handling should handle multiple emoji in sequence 1`] = `
"┌─────────────────┐
│[37m [0m[01m emoji_sequence[0m │
├─────────────────┤
│[37m [0m[37m         😀😃😄[0m │
│[37m [0m[37m       😀 😃 😄[0m │
└─────────────────┘"
`;
