// Jest Snapshot v1, https://goo.gl/fbAQLP

exports[`Column Color Tests should handle all available colors 1`] = `
"┌────────────┬─────────────┐
│[37m [0m[01mcolor_name[0m │[37m [0m[01msample     [0m │
├────────────┼─────────────┤
│[37m [0m[31mred       [0m │[37m [0m[31mSample Text[0m │
│[37m [0m[32mgreen     [0m │[37m [0m[32mSample Text[0m │
│[37m [0m[33myellow    [0m │[37m [0m[33mSample Text[0m │
│[37m [0m[34mblue      [0m │[37m [0m[34mSample Text[0m │
│[37m [0m[35mmagenta   [0m │[37m [0m[35mSample Text[0m │
│[37m [0m[36mcyan      [0m │[37m [0m[36mSample Text[0m │
│[37m [0m[37mwhite     [0m │[37m [0m[37mSample Text[0m │
│[37m [0mcrimson    │[37m [0mSample Text │
│[37m [0m[01mwhite_bold[0m │[37m [0m[01mSample Text[0m │
│[37m [0mgray       │[37m [0mSample Text │
└────────────┴─────────────┘"
`;

exports[`Column Color Tests should handle basic column colors 1`] = `
"┌──────────┬────────────┬───────────┐
│[37m [0m[01m     red[0m │[37m [0m[01m     green[0m │[37m [0m[01m     blue[0m │
├──────────┼────────────┼───────────┤
│[37m [0m[31mRed text[0m │[37m [0m[32mGreen text[0m │[37m [0m[34mBlue text[0m │
│[37m [0m[31m     123[0m │[37m [0m[32m       456[0m │[37m [0m[34m      789[0m │
└──────────┴────────────┴───────────┘"
`;

exports[`Column Color Tests should handle column colors with different alignments 1`] = `
"┌──────────┬──────────────┬────────────┐
│[37m [0m[01mleft_red[0m │[37m [0m[01mcenter_green[0m │[37m [0m[01mright_blue[0m │
├──────────┼──────────────┼────────────┤
│[37m [0m[31mLeft    [0m │[37m [0m[32m   Center   [0m │[37m [0m[34m     Right[0m │
│[37m [0m[31m111     [0m │[37m [0m[32m    222     [0m │[37m [0m[34m       333[0m │
└──────────┴──────────────┴────────────┘"
`;

exports[`Column Color Tests should handle column colors with row colors 1`] = `
"┌─────────┬──────────┐
│[37m [0m[01m   col1[0m │[37m [0m[01m    col2[0m │
├─────────┼──────────┤
│[37m [0m[31mRed col[0m │[37m [0m[34mBlue col[0m │
│[37m [0m[31mRed col[0m │[37m [0m[34mBlue col[0m │
└─────────┴──────────┘"
`;

exports[`Column Color Tests should handle complex color combinations with mixed alignments 1`] = `
"┌──────────────────────┬──────────────────────────────────────────┬─────────────┐
│[37m [0m[01mred_left_align_index[0m │[37m [0m[01m                        right_align_text[0m │[37m [0m[01mgreen_value[0m │
├──────────────────────┼──────────────────────────────────────────┼─────────────┤
│[37m [0m[31m2                   [0m │[37m [0m[34m                        This row is blue[0m │[37m [0m[32m     10.212[0m │
│[37m [0m[31m3                   [0m │[37m [0m[31m       I would like some red wine please[0m │[37m [0m[32m     10.212[0m │
│[37m [0m[31m4                   [0m │[37m [0m[36m      I would like some cyan wine please[0m │[37m [0m[32m     10.212[0m │
│[37m [0m[31m5                   [0m │[37m [0m[01mI would like some white_bold wine please[0m │[37m [0m[32m     10.212[0m │
│[37m [0m[31m7                   [0m │[37m [0m[32m   I would like some green gemuse please[0m │[37m [0m[32m         20[0m │
│[37m [0m[31m8                   [0m │[37m [0m[33m    I would like some gelb bananen bitte[0m │[37m [0m[32m        100[0m │
└──────────────────────┴──────────────────────────────────────────┴─────────────┘"
`;
