// Jest Snapshot v1, https://goo.gl/fbAQLP

exports[`Example: Print a simple Table with column colors column colors are working 1`] = `
"┌──────────────────────┬──────────────────────────────────────────┬─────────────┐
│[37m [0m[01mred_left_align_index[0m │[37m [0m[01m                        right_align_text[0m │[37m [0m[01mgreen_value[0m │
├──────────────────────┼──────────────────────────────────────────┼─────────────┤
│[37m [0m[31m2                   [0m │[37m [0m[34m                        This row is blue[0m │[37m [0m[32m     10.212[0m │
│[37m [0m[31m3                   [0m │[37m [0m[31m       I would like some red wine please[0m │[37m [0m[32m     10.212[0m │
│[37m [0m[31m4                   [0m │[37m [0m[36m      I would like some cyan wine please[0m │[37m [0m[32m     10.212[0m │
│[37m [0m[31m5                   [0m │[37m [0m[01mI would like some white_bold wine please[0m │[37m [0m[32m     10.212[0m │
│[37m [0m[31m7                   [0m │[37m [0m[32m   I would like some green gemuse please[0m │[37m [0m[32m         20[0m │
│[37m [0m[31m8                   [0m │[37m [0m[33m    I would like some gelb bananen bitte[0m │[37m [0m[32m        100[0m │
└──────────────────────┴──────────────────────────────────────────┴─────────────┘"
`;

exports[`Testing column colors column colors are working 1`] = `
"┌──────────────────────┬──────────────────────────────────────────┬─────────────┐
│[37m [0m[01mred_left_align_index[0m │[37m [0m[01m                        right_align_text[0m │[37m [0m[01mgreen_value[0m │
├──────────────────────┼──────────────────────────────────────────┼─────────────┤
│[37m [0m[31m2                   [0m │[37m [0m[34m                        This row is blue[0m │[37m [0m[32m     10.212[0m │
│[37m [0m[31m3                   [0m │[37m [0m[31m       I would like some red wine please[0m │[37m [0m[32m     10.212[0m │
│[37m [0m[31m4                   [0m │[37m [0m[36m      I would like some cyan wine please[0m │[37m [0m[32m     10.212[0m │
│[37m [0m[31m5                   [0m │[37m [0m[01mI would like some white_bold wine please[0m │[37m [0m[32m     10.212[0m │
│[37m [0m[31m7                   [0m │[37m [0m[32m   I would like some green gemuse please[0m │[37m [0m[32m         20[0m │
│[37m [0m[31m8                   [0m │[37m [0m[33m    I would like some gelb bananen bitte[0m │[37m [0m[32m        100[0m │
└──────────────────────┴──────────────────────────────────────────┴─────────────┘"
`;

exports[`Testing column colors should handle all available colors 1`] = `
"┌──────────┬────────────┬─────────────┬───────────┬──────────────┬───────────┬────────────┬────────────┬──────────────┐
│[37m [0m[01m     red[0m │[37m [0m[01m     green[0m │[37m [0m[01m     yellow[0m │[37m [0m[01m     blue[0m │[37m [0m[01m     magenta[0m │[37m [0m[01m     cyan[0m │[37m [0m[01m     white[0m │[37m [0m[01mwhite_bold[0m │[37m [0m[01m     crimson[0m │
├──────────┼────────────┼─────────────┼───────────┼──────────────┼───────────┼────────────┼────────────┼──────────────┤
│[37m [0m[31mred text[0m │[37m [0m[32mgreen text[0m │[37m [0m[33myellow text[0m │[37m [0m[34mblue text[0m │[37m [0m[35mmagenta text[0m │[37m [0m[36mcyan text[0m │[37m [0m[37mwhite text[0m │[37m [0m[01m bold text[0m │[37m [0mcrimson text │
└──────────┴────────────┴─────────────┴───────────┴──────────────┴───────────┴────────────┴────────────┴──────────────┘"
`;

exports[`Testing column colors should handle color changes after column creation 1`] = `
"┌─────────────────┬──────────────────┐
│[37m [0m[01m           col1[0m │[37m [0m[01m            col2[0m │
├─────────────────┼──────────────────┤
│[37m [0m[34mchanged to blue[0m │[37m [0m[32mchanged to green[0m │
└─────────────────┴──────────────────┘"
`;

exports[`Testing column colors should handle color with unicode characters 1`] = `
"┌───────────┬────────────┬─────────────┐
│[37m [0m[01mred_emoji[0m │[37m [0m[01mblue_emoji[0m │[37m [0m[01mgreen_emoji[0m │
├───────────┼────────────┼─────────────┤
│[37m [0m[31m       ❤️[0m │[37m [0m[34m        💙[0m │[37m [0m[32m         💚[0m │
│[37m [0m[31m  ❤️ text[0m │[37m [0m[34m   text 💙[0m │[37m [0m[32m 💚 colored[0m │
└───────────┴────────────┴─────────────┘"
`;

exports[`Testing column colors should handle colors with different alignments and lengths 1`] = `
"┌─────────────────┬─────────────────┬─────────────────┐
│[37m [0m[01mleft_red       [0m │[37m [0m[01m  center_blue  [0m │[37m [0m[01m    right_green[0m │
├─────────────────┼─────────────────┼─────────────────┤
│[37m [0m[31mThis text is   [0m │[37m [0m[34m This text is  [0m │[37m [0m[32m   This text is[0m │
│[37m [0m[31mtoo long and   [0m │[37m [0m[34m too long and  [0m │[37m [0m[32m   too long and[0m │
│[37m [0m[31mwill be        [0m │[37m [0m[34m    will be    [0m │[37m [0m[32m        will be[0m │
│[37m [0m[31mtruncated      [0m │[37m [0m[34m   truncated   [0m │[37m [0m[32m      truncated[0m │
│[37m [0m[31mshort          [0m │[37m [0m[34m     short     [0m │[37m [0m[32m          short[0m │
└─────────────────┴─────────────────┴─────────────────┘"
`;

exports[`Testing column colors should handle row and column color combinations 1`] = `
"┌─────────────────┬─────────────────┬────────┐
│[37m [0m[01m        red_col[0m │[37m [0m[01m       blue_col[0m │[37m [0m[01m color[0m │
├─────────────────┼─────────────────┼────────┤
│[37m [0m[31m     red column[0m │[37m [0m[34m    blue column[0m │[37m [0m[37m      [0m │
│[37m [0m[31m with green row[0m │[37m [0m[34m with green row[0m │[37m [0m[37m      [0m │
│[37m [0m[31m               [0m │[37m [0m[34m               [0m │[37m [0m[37m green[0m │
│[37m [0m[31mwith yellow row[0m │[37m [0m[34mwith yellow row[0m │[37m [0m[37m      [0m │
│[37m [0m[31m               [0m │[37m [0m[34m               [0m │[37m [0m[37myellow[0m │
└─────────────────┴─────────────────┴────────┘"
`;

exports[`Testing column colors should verify internal color states 1`] = `
"┌──────────┬───────────┬────────────┬──────────────┐
│[37m [0m[01m red_col[0m │[37m [0m[01m blue_col[0m │[37m [0m[01m green_col[0m │[37m [0m[01m default_col[0m │
├──────────┼───────────┼────────────┼──────────────┤
│[37m [0m[31mred text[0m │[37m [0m[34mblue text[0m │[37m [0m[32mgreen text[0m │[37m [0m[37mdefault text[0m │
└──────────┴───────────┴────────────┴──────────────┘"
`;
