// Jest Snapshot v1, https://goo.gl/fbAQLP

exports[`Example: Print a simple Table with Custom column colors Custom column colors are working 1`] = `
"┌──────────────────────┬──────────────────────────┬─────────────┐
│[37m [0m[01mred_left_align_index[0m │[37m [0m[01m        right_align_text[0m │[37m [0m[01mgreen_value[0m │
├──────────────────────┼──────────────────────────┼─────────────┤
│[37m [0m[31m2                   [0m │[37m [0m[32mThis is my defined Green[0m │[37m [0m[32m     10.212[0m │
│[37m [0m[31m3                   [0m │[37m [0m[34mThis row is blue as well[0m │[37m [0m[32m     10.212[0m │
│[37m [0m[31m4                   [0m │[37m [0m[32m       This row is green[0m │[37m [0m[32m     10.212[0m │
└──────────────────────┴──────────────────────────┴─────────────┘"
`;

exports[`Example: Print a simple Table with Custom column colors Disabling color works 1`] = `
"┌──────────────────────┬──────────────────────────┬─────────────┐
│ red_left_align_index │         right_align_text │ green_value │
├──────────────────────┼──────────────────────────┼─────────────┤
│ 2                    │ This is my defined Green │      10.212 │
│ 3                    │ This row is blue as well │      10.212 │
│ 4                    │        This row is green │      10.212 │
└──────────────────────┴──────────────────────────┴─────────────┘"
`;

exports[`Testing customized colors Custom column colors are working 1`] = `
"┌──────────────────────┬──────────────────────────┬─────────────┐
│[37m [0m[01mred_left_align_index[0m │[37m [0m[01m        right_align_text[0m │[37m [0m[01mgreen_value[0m │
├──────────────────────┼──────────────────────────┼─────────────┤
│[37m [0m[31m2                   [0m │[37m [0m[32mThis is my defined Green[0m │[37m [0m[32m     10.212[0m │
│[37m [0m[31m3                   [0m │[37m [0m[34mThis row is blue as well[0m │[37m [0m[32m     10.212[0m │
│[37m [0m[31m4                   [0m │[37m [0m[32m       This row is green[0m │[37m [0m[32m     10.212[0m │
└──────────────────────┴──────────────────────────┴─────────────┘"
`;

exports[`Testing customized colors Disabling color works 1`] = `
"┌──────────────────────┬──────────────────────────┬─────────────┐
│ red_left_align_index │         right_align_text │ green_value │
├──────────────────────┼──────────────────────────┼─────────────┤
│ 2                    │ This is my defined Green │      10.212 │
│ 3                    │ This row is blue as well │      10.212 │
│ 4                    │        This row is green │      10.212 │
└──────────────────────┴──────────────────────────┴─────────────┘"
`;

exports[`Testing customized colors should handle color disabling with custom colors 1`] = `
"┌─────────────────────┬─────────────────────┬───────────────┐
│                col1 │                col2 │         color │
├─────────────────────┼─────────────────────┼───────────────┤
│ Should be uncolored │ Should be uncolored │               │
│     Still uncolored │     Still uncolored │               │
│                     │                     │ custom_color1 │
└─────────────────────┴─────────────────────┴───────────────┘"
`;

exports[`Testing customized colors should handle color map updates after table creation 1`] = `
"┌─────────────────────┬─────────┐
│[37m [0m[01mmessage            [0m │[37m [0m[01m  color[0m │
├─────────────────────┼─────────┤
│[37m [0m[37mUsing initial color[0m │[37m [0m[37m       [0m │
│[37m [0m[37m                   [0m │[37m [0m[37mcustom1[0m │
│[37m [0m[37mUsing added color 1[0m │[37m [0m[37m       [0m │
│[37m [0m[37m                   [0m │[37m [0m[37mcustom2[0m │
│[37m [0m[37mUsing added color 2[0m │[37m [0m[37m       [0m │
│[37m [0m[37m                   [0m │[37m [0m[37mcustom3[0m │
└─────────────────────┴─────────┘"
`;

exports[`Testing customized colors should handle mixing custom and default colors 1`] = `
"┌──────────────┬──────────────┬──────────────┬───────┐
│[37m [0m[01m  custom_col[0m │[37m [0m[01m default_col[0m │[37m [0m[01m    no_color[0m │[37m [0m[01mcolor[0m │
├──────────────┼──────────────┼──────────────┼───────┤
│[37m [0m[38;5;219m Custom pink[0m │[37m [0m[31m Default red[0m │[37m [0m[37m    No color[0m │[37m [0m[37m     [0m │
│[37m [0m[38;5;219mRow override[0m │[37m [0m[31mRow override[0m │[37m [0m[37mRow override[0m │[37m [0m[37m     [0m │
│[37m [0m[38;5;219m            [0m │[37m [0m[31m            [0m │[37m [0m[37m            [0m │[37m [0m[37m blue[0m │
└──────────────┴──────────────┴──────────────┴───────┘"
`;

exports[`Testing customized colors should handle multiple custom colors in colorMap 1`] = `
"┌─────────┬─────────┐
│[37m [0m[01mstatus [0m │[37m [0m[01m  color[0m │
├─────────┼─────────┤
│[37m [0m[37mSUCCESS[0m │[37m [0m[37m       [0m │
│[37m [0m[37m       [0m │[37m [0m[37msuccess[0m │
│[37m [0m[37mWARNING[0m │[37m [0m[37m       [0m │
│[37m [0m[37m       [0m │[37m [0m[37mwarning[0m │
│[37m [0m[37m ERROR [0m │[37m [0m[37m       [0m │
│[37m [0m[37m       [0m │[37m [0m[37m  error[0m │
│[37m [0m[37m INFO  [0m │[37m [0m[37m       [0m │
│[37m [0m[37m       [0m │[37m [0m[37m   info[0m │
└─────────┴─────────┘"
`;

exports[`Testing customized colors should verify internal custom color states 1`] = `
"┌─────────────┬─────────────┐
│[37m [0m[01m       col1[0m │[37m [0m[01m       col2[0m │
├─────────────┼─────────────┤
│[37m [0m[35;1mPurple text[0m │[37m [0m[38;5;208mOrange text[0m │
└─────────────┴─────────────┘"
`;
