// Jest Snapshot v1, https://goo.gl/fbAQLP

exports[`Example: Print a simple Table with Custom column colors Custom column colors are working 1`] = `
"┌──────────────────────┬──────────────────────────┬─────────────┐
│[37m [0m[01mred_left_align_index[0m │[37m [0m[01m        right_align_text[0m │[37m [0m[01mgreen_value[0m │
├──────────────────────┼──────────────────────────┼─────────────┤
│[37m [0m[31m2                   [0m │[37m [0m[32mThis is my defined Green[0m │[37m [0m[32m     10.212[0m │
│[37m [0m[31m3                   [0m │[37m [0m[34mThis row is blue as well[0m │[37m [0m[32m     10.212[0m │
│[37m [0m[31m4                   [0m │[37m [0m[32m       This row is green[0m │[37m [0m[32m     10.212[0m │
└──────────────────────┴──────────────────────────┴─────────────┘"
`;
