// Jest Snapshot v1, https://goo.gl/fbAQLP

exports[`Testing defaultColumnOptions in Table should apply default styles to columns when not specified 1`] = `
"┌────────────────────────────────────────────────────┬────────────────────────────────────────────────────┐
│[37m [0m[01m                       col1                       [0m │[37m [0m[01mcol2                                              [0m │
├────────────────────────────────────────────────────┼────────────────────────────────────────────────────┤
│[37m [0m[34m                      value1                      [0m │[37m [0m[34mvalue2                                            [0m │
└────────────────────────────────────────────────────┴────────────────────────────────────────────────────┘"
`;

exports[`Testing defaultColumnOptions in Table should handle complex table with mixed column options 1`] = `
"[01m                                           Sales Report                                            [0m
┌──────────┬────────────────────────────────┬─────────────────┬─────────────────┬─────────────────┐
│[37m [0m[01m   id   [0m │[37m [0m[01mproduct                       [0m │[37m [0m[01m   quantity    [0m │[37m [0m[01m          price[0m │[37m [0m[01m    status     [0m │
├──────────┼────────────────────────────────┼─────────────────┼─────────────────┼─────────────────┤
│[37m [0m[34m   1    [0m │[37m [0m[34mSuper long product name that  [0m │[37m [0m[32m       5       [0m │[37m [0m[34m          99.99[0m │[37m [0m[34m   In Stock    [0m │
│[37m [0m[34m        [0m │[37m [0m[34mshould be truncated           [0m │[37m [0m[32m               [0m │[37m [0m[34m               [0m │[37m [0m[34m               [0m │
│[37m [0m[34m   2    [0m │[37m [0m[34mShort name                    [0m │[37m [0m[32m       0       [0m │[37m [0m[34m         149.99[0m │[37m [0m[34m Out of Stock  [0m │
└──────────┴────────────────────────────────┴─────────────────┴─────────────────┴─────────────────┘"
`;

exports[`Testing defaultColumnOptions in Table should handle complex table with mixed column options 2`] = `
"[01m                                           Sales Report                                            [0m
┌──────────┬────────────────────────────────┬─────────────────┬─────────────────┬─────────────────┐
│[37m [0m[01m   id   [0m │[37m [0m[01mproduct                       [0m │[37m [0m[01m   quantity    [0m │[37m [0m[01m          price[0m │[37m [0m[01m    status     [0m │
├──────────┼────────────────────────────────┼─────────────────┼─────────────────┼─────────────────┤
│[37m [0m[34m   1    [0m │[37m [0m[34mSuper long product name that  [0m │[37m [0m[32m       5       [0m │[37m [0m[34m          99.99[0m │[37m [0m[34m   In Stock    [0m │
│[37m [0m[34m        [0m │[37m [0m[34mshould be truncated           [0m │[37m [0m[32m               [0m │[37m [0m[34m               [0m │[37m [0m[34m               [0m │
│[37m [0m[34m   2    [0m │[37m [0m[34mShort name                    [0m │[37m [0m[32m       0       [0m │[37m [0m[34m         149.99[0m │[37m [0m[34m Out of Stock  [0m │
└──────────┴────────────────────────────────┴─────────────────┴─────────────────┴─────────────────┘"
`;

exports[`Testing defaultColumnOptions in Table should handle defaultColumnOptions with computed columns 1`] = `
"┌──────────────────────┬──────────────────────┬──────────────────────┬──────────────────────┬──────────────────────┐
│[37m [0m[01m     firstName      [0m │[37m [0m[01m      lastName      [0m │[37m [0m[01m        age         [0m │[37m [0m[01m     Full Name      [0m │[37m [0m[01m      ageGroup      [0m │
├──────────────────────┼──────────────────────┼──────────────────────┼──────────────────────┼──────────────────────┤
│[37m [0m[36m        John        [0m │[37m [0m[36m        Doe         [0m │[37m [0m[36m         25         [0m │[37m [0m[36m      John Doe      [0m │[37m [0m[36m       Young        [0m │
│[37m [0m[36m        Jane        [0m │[37m [0m[36m       Smith        [0m │[37m [0m[36m         35         [0m │[37m [0m[36m     Jane Smith     [0m │[37m [0m[36m       Adult        [0m │
└──────────────────────┴──────────────────────┴──────────────────────┴──────────────────────┴──────────────────────┘"
`;

exports[`Testing defaultColumnOptions in Table should handle defaultColumnOptions with row separators and colors 1`] = `
"┌─────────────────┬─────────────────┬─────────────────┐
│[37m [0m[01m     task      [0m │[37m [0m[01m    status     [0m │[37m [0m[01m   priority    [0m │
├─────────────────┼─────────────────┼─────────────────┤
│[37m [0m[37m    Task 1     [0m │[37m [0m[37m     Done      [0m │[37m [0m[37m     High      [0m │
│[37m [0m[37m    Task 2     [0m │[37m [0m[37m    Pending    [0m │[37m [0m[37m    Medium     [0m │
│[37m [0m[37m    Task 3     [0m │[37m [0m[37m    Failed     [0m │[37m [0m[37m      Low      [0m │
└─────────────────┴─────────────────┴─────────────────┘"
`;

exports[`Testing defaultColumnOptions in Table should handle empty defaultColumnOptions 1`] = `
"┌────────┬────────┐
│[37m [0m[01m  col1[0m │[37m [0m[01m  col2[0m │
├────────┼────────┤
│[37m [0m[37mvalue1[0m │[37m [0m[37mvalue2[0m │
└────────┴────────┘"
`;

exports[`Testing defaultColumnOptions in Table should handle extremely long content with defaultColumnOptions 1`] = `
"┌──────────────────────┬──────────────────────┬──────────────────────┐
│[37m [0m[01mid                  [0m │[37m [0m[01mdescription         [0m │[37m [0m[01mtags                [0m │
├──────────────────────┼──────────────────────┼──────────────────────┤
│[37m [0m[37m1                   [0m │[37m [0m[37mA long description  [0m │[37m [0m[37mtag1, tag2, tag3    [0m │
│[37m [0m[37m                    [0m │[37m [0m[37mthat will be        [0m │[37m [0m[37m                    [0m │
│[37m [0m[37m                    [0m │[37m [0m[37mtruncated by maxLen [0m │[37m [0m[37m                    [0m │
│[37m [0m[37m2                   [0m │[37m [0m[37mShort desc          [0m │[37m [0m[37mtag1                [0m │
└──────────────────────┴──────────────────────┴──────────────────────┘"
`;

exports[`Testing defaultColumnOptions in Table should handle undefined defaultColumnOptions 1`] = `
"┌────────┬────────┐
│[37m [0m[01m  col1[0m │[37m [0m[01m  col2[0m │
├────────┼────────┤
│[37m [0m[37mvalue1[0m │[37m [0m[37mvalue2[0m │
└────────┴────────┘"
`;
