// Jest Snapshot v1, https://goo.gl/fbAQLP

exports[`Testing defaultColumnOptions in Table should apply default styles to columns when not specified 1`] = `
"┌────────────────────────────────────────────────────┬────────────────────────────────────────────────────┐
│[37m [0m[01m                       col1                       [0m │[37m [0m[01mcol2                                              [0m │
├────────────────────────────────────────────────────┼────────────────────────────────────────────────────┤
│[37m [0m[34m                      value1                      [0m │[37m [0m[34mvalue2                                            [0m │
└────────────────────────────────────────────────────┴────────────────────────────────────────────────────┘"
`;
