// Jest Snapshot v1, https://goo.gl/fbAQLP

exports[`Example: Print a simple Table with cell colors cell colors are working 1`] = `
"┌───────────────────────────────────────────────┬───────────────┐
[37m│[0m[37m [0m[01m                                  Description[0m[37m │[0m[37m [0m[01m    Ticket No[0m[37m │[0m
├───────────────────────────────────────────────┼───────────────┤
[37m│[0m[37m [0m[37mSome alphabets 这里是中文这里是中文这里是中文[0m[37m │[0m[37m [0m[37m   ISSUE-1231[0m[37m │[0m
[37m│[0m[37m [0m[37m            Some Summary 这里是中文这里是中文[0m[37m │[0m[37m [0m[37m  ISSUE-22222[0m[37m │[0m
[37m│[0m[37m [0m[37m                       Description 这里是中文[0m[37m │[0m[37m [0m[37mISSUE-Foreign[0m[37m │[0m
└───────────────────────────────────────────────┴───────────────┘"
`;
