// Jest Snapshot v1, https://goo.gl/fbAQLP

exports[`Example: Print a simple Table with cell colors coloring is working 1`] = `
"┌─────────────┬───────────────────────────────────────────────┐
│[37m [0m[01m  Ticket No[0m │[37m [0m[01m                                  Description[0m │
├─────────────┼───────────────────────────────────────────────┤
│[37m [0m[34m ISSUE-1231[0m │[37m [0m[34mSome alphabets 这里是中文这里是中文这里是中文[0m │
│[37m [0m[31mISSUE-22222[0m │[37m [0m[31m            Some Summary 这里是中文这里是中文[0m │
│[37m [0m[01m    ISSUE-1[0m │[37m [0m[01m                       Description 这里是中文[0m │
└─────────────┴───────────────────────────────────────────────┘"
`;

exports[`Example: Print a simple Table with cell colors customized border is working 1`] = `
"[31m╔[0m[31m═[0m[31m═[0m[31m═[0m[31m═[0m[31m═[0m[31m═[0m[31m═[0m[31m═[0m[31m═[0m[31m═[0m[31m═[0m[31m═[0m[31m═[0m[31m╦[0m[31m═[0m[31m═[0m[31m═[0m[31m═[0m[31m═[0m[31m═[0m[31m═[0m[31m═[0m[31m═[0m[31m═[0m[31m═[0m[31m═[0m[31m═[0m[31m═[0m[31m═[0m[31m═[0m[31m═[0m[31m═[0m[31m═[0m[31m═[0m[31m═[0m[31m═[0m[31m═[0m[31m═[0m[31m═[0m[31m═[0m[31m═[0m[31m═[0m[31m═[0m[31m═[0m[31m═[0m[31m═[0m[31m═[0m[31m═[0m[31m═[0m[31m═[0m[31m═[0m[31m═[0m[31m═[0m[31m═[0m[31m═[0m[31m═[0m[31m═[0m[31m═[0m[31m═[0m[31m═[0m[31m═[0m[31m╗[0m
[31m║[0m[37m [0m[01m  Ticket No[0m [31m║[0m[37m [0m[01m                                  Description[0m [31m║[0m
[31m╟[0m[31m═[0m[31m═[0m[31m═[0m[31m═[0m[31m═[0m[31m═[0m[31m═[0m[31m═[0m[31m═[0m[31m═[0m[31m═[0m[31m═[0m[31m═[0m[31m╬[0m[31m═[0m[31m═[0m[31m═[0m[31m═[0m[31m═[0m[31m═[0m[31m═[0m[31m═[0m[31m═[0m[31m═[0m[31m═[0m[31m═[0m[31m═[0m[31m═[0m[31m═[0m[31m═[0m[31m═[0m[31m═[0m[31m═[0m[31m═[0m[31m═[0m[31m═[0m[31m═[0m[31m═[0m[31m═[0m[31m═[0m[31m═[0m[31m═[0m[31m═[0m[31m═[0m[31m═[0m[31m═[0m[31m═[0m[31m═[0m[31m═[0m[31m═[0m[31m═[0m[31m═[0m[31m═[0m[31m═[0m[31m═[0m[31m═[0m[31m═[0m[31m═[0m[31m═[0m[31m═[0m[31m═[0m[31m╢[0m
[31m║[0m[37m [0m[34m ISSUE-1231[0m [31m║[0m[37m [0m[34mSome alphabets 这里是中文这里是中文这里是中文[0m [31m║[0m
[31m║[0m[37m [0m[31mISSUE-22222[0m [31m║[0m[37m [0m[31m            Some Summary 这里是中文这里是中文[0m [31m║[0m
[31m║[0m[37m [0m[01m    ISSUE-1[0m [31m║[0m[37m [0m[01m                       Description 这里是中文[0m [31m║[0m
[31m╚[0m[31m═[0m[31m═[0m[31m═[0m[31m═[0m[31m═[0m[31m═[0m[31m═[0m[31m═[0m[31m═[0m[31m═[0m[31m═[0m[31m═[0m[31m═[0m[31m╩[0m[31m═[0m[31m═[0m[31m═[0m[31m═[0m[31m═[0m[31m═[0m[31m═[0m[31m═[0m[31m═[0m[31m═[0m[31m═[0m[31m═[0m[31m═[0m[31m═[0m[31m═[0m[31m═[0m[31m═[0m[31m═[0m[31m═[0m[31m═[0m[31m═[0m[31m═[0m[31m═[0m[31m═[0m[31m═[0m[31m═[0m[31m═[0m[31m═[0m[31m═[0m[31m═[0m[31m═[0m[31m═[0m[31m═[0m[31m═[0m[31m═[0m[31m═[0m[31m═[0m[31m═[0m[31m═[0m[31m═[0m[31m═[0m[31m═[0m[31m═[0m[31m═[0m[31m═[0m[31m═[0m[31m═[0m[31m╝[0m"
`;

exports[`Example: Print a simple Table with cell colors foreign alphabets are working 1`] = `
"┌───────────────────────────────────────────────┬───────────────┐
│[37m [0m[01m                                  Description[0m │[37m [0m[01m    Ticket No[0m │
├───────────────────────────────────────────────┼───────────────┤
│[37m [0m[37mSome alphabets 这里是中文这里是中文这里是中文[0m │[37m [0m[37m   ISSUE-1231[0m │
│[37m [0m[37m            Some Summary 这里是中文这里是中文[0m │[37m [0m[37m  ISSUE-22222[0m │
│[37m [0m[37m                       Description 这里是中文[0m │[37m [0m[37mISSUE-Foreign[0m │
└───────────────────────────────────────────────┴───────────────┘"
`;
