// Jest Snapshot v1, https://goo.gl/fbAQLP

exports[`Example: Print a simple Table with cell colors coloring is working 1`] = `
"┌─────────────┬───────────────────────────────────────────────┐
│[37m [0m[01m  Ticket No[0m │[37m [0m[01m                                  Description[0m │
├─────────────┼───────────────────────────────────────────────┤
│[37m [0m[34m ISSUE-1231[0m │[37m [0m[34mSome alphabets 这里是中文这里是中文这里是中文[0m │
│[37m [0m[31mISSUE-22222[0m │[37m [0m[31m            Some Summary 这里是中文这里是中文[0m │
│[37m [0m[01m    ISSUE-1[0m │[37m [0m[01m                       Description 这里是中文[0m │
└─────────────┴───────────────────────────────────────────────┘"
`;

exports[`Example: Print a simple Table with cell colors customized border is working 1`] = `
"[31m╔[0m[31m═[0m[31m═[0m[31m═[0m[31m═[0m[31m═[0m[31m═[0m[31m═[0m[31m═[0m[31m═[0m[31m═[0m[31m═[0m[31m═[0m[31m═[0m[31m╦[0m[31m═[0m[31m═[0m[31m═[0m[31m═[0m[31m═[0m[31m═[0m[31m═[0m[31m═[0m[31m═[0m[31m═[0m[31m═[0m[31m═[0m[31m═[0m[31m═[0m[31m═[0m[31m═[0m[31m═[0m[31m═[0m[31m═[0m[31m═[0m[31m═[0m[31m═[0m[31m═[0m[31m═[0m[31m═[0m[31m═[0m[31m═[0m[31m═[0m[31m═[0m[31m═[0m[31m═[0m[31m═[0m[31m═[0m[31m═[0m[31m═[0m[31m═[0m[31m═[0m[31m═[0m[31m═[0m[31m═[0m[31m═[0m[31m═[0m[31m═[0m[31m═[0m[31m═[0m[31m═[0m[31m═[0m[31m╗[0m
[31m║[0m[37m [0m[01m  Ticket No[0m [31m║[0m[37m [0m[01m                                  Description[0m [31m║[0m
[31m╟[0m[31m═[0m[31m═[0m[31m═[0m[31m═[0m[31m═[0m[31m═[0m[31m═[0m[31m═[0m[31m═[0m[31m═[0m[31m═[0m[31m═[0m[31m═[0m[31m╬[0m[31m═[0m[31m═[0m[31m═[0m[31m═[0m[31m═[0m[31m═[0m[31m═[0m[31m═[0m[31m═[0m[31m═[0m[31m═[0m[31m═[0m[31m═[0m[31m═[0m[31m═[0m[31m═[0m[31m═[0m[31m═[0m[31m═[0m[31m═[0m[31m═[0m[31m═[0m[31m═[0m[31m═[0m[31m═[0m[31m═[0m[31m═[0m[31m═[0m[31m═[0m[31m═[0m[31m═[0m[31m═[0m[31m═[0m[31m═[0m[31m═[0m[31m═[0m[31m═[0m[31m═[0m[31m═[0m[31m═[0m[31m═[0m[31m═[0m[31m═[0m[31m═[0m[31m═[0m[31m═[0m[31m═[0m[31m╢[0m
[31m║[0m[37m [0m[34m ISSUE-1231[0m [31m║[0m[37m [0m[34mSome alphabets 这里是中文这里是中文这里是中文[0m [31m║[0m
[31m║[0m[37m [0m[31mISSUE-22222[0m [31m║[0m[37m [0m[31m            Some Summary 这里是中文这里是中文[0m [31m║[0m
[31m║[0m[37m [0m[01m    ISSUE-1[0m [31m║[0m[37m [0m[01m                       Description 这里是中文[0m [31m║[0m
[31m╚[0m[31m═[0m[31m═[0m[31m═[0m[31m═[0m[31m═[0m[31m═[0m[31m═[0m[31m═[0m[31m═[0m[31m═[0m[31m═[0m[31m═[0m[31m═[0m[31m╩[0m[31m═[0m[31m═[0m[31m═[0m[31m═[0m[31m═[0m[31m═[0m[31m═[0m[31m═[0m[31m═[0m[31m═[0m[31m═[0m[31m═[0m[31m═[0m[31m═[0m[31m═[0m[31m═[0m[31m═[0m[31m═[0m[31m═[0m[31m═[0m[31m═[0m[31m═[0m[31m═[0m[31m═[0m[31m═[0m[31m═[0m[31m═[0m[31m═[0m[31m═[0m[31m═[0m[31m═[0m[31m═[0m[31m═[0m[31m═[0m[31m═[0m[31m═[0m[31m═[0m[31m═[0m[31m═[0m[31m═[0m[31m═[0m[31m═[0m[31m═[0m[31m═[0m[31m═[0m[31m═[0m[31m═[0m[31m╝[0m"
`;

exports[`Example: Print a simple Table with cell colors foreign alphabets are working 1`] = `
"┌───────────────────────────────────────────────┬───────────────┐
│[37m [0m[01m                                  Description[0m │[37m [0m[01m    Ticket No[0m │
├───────────────────────────────────────────────┼───────────────┤
│[37m [0m[37mSome alphabets 这里是中文这里是中文这里是中文[0m │[37m [0m[37m   ISSUE-1231[0m │
│[37m [0m[37m            Some Summary 这里是中文这里是中文[0m │[37m [0m[37m  ISSUE-22222[0m │
│[37m [0m[37m                       Description 这里是中文[0m │[37m [0m[37mISSUE-Foreign[0m │
└───────────────────────────────────────────────┴───────────────┘"
`;

exports[`Foreign Language and Special Character Support should handle Chinese characters correctly 1`] = `
"┌────────────────────────────────────────┬────────────┐
│[37m [0m[01m                           description[0m │[37m [0m[01midentifier[0m │
├────────────────────────────────────────┼────────────┤
│[37m [0m[37m                            简单的中文[0m │[37m [0m[37m BASIC-001[0m │
│[37m [0m[37m这是一个较长的中文句子，包含标点符号。[0m │[37m [0m[37m  LONG-002[0m │
│[37m [0m[37m          混合 Chinese 和 English 文字[0m │[37m [0m[37m MIXED-003[0m │
└────────────────────────────────────────┴────────────┘"
`;

exports[`Foreign Language and Special Character Support should handle mixed text with emojis 1`] = `
"┌──────────┬───────────────────────┬───────┐
│[37m [0m[01mcategory[0m │[37m [0m[01m              content[0m │[37m [0m[01memoji[0m │
├──────────┼───────────────────────┼───────┤
│[37m [0m[37mGreeting[0m │[37m [0m[37mHello 你好 안녕하세요[0m │[37m [0m[37m   👋[0m │
│[37m [0m[37m    Food[0m │[37m [0m[37m         寿司 🍣 초밥[0m │[37m [0m[37m   🍱[0m │
│[37m [0m[37m Weather[0m │[37m [0m[37m          晴れ ☀️ 맑음[0m │[37m [0m[37m   🌤[0m │
└──────────┴───────────────────────┴───────┘"
`;

exports[`Foreign Language and Special Character Support should handle special characters and symbols 1`] = `
"┌──────────────┬─────────┬──────────────────────┐
│[37m [0m[01m        type[0m │[37m [0m[01msymbols[0m │[37m [0m[01m         description[0m │
├──────────────┼─────────┼──────────────────────┤
│[37m [0m[37mMathematical[0m │[37m [0m[37m ∑∏∆∇∫√[0m │[37m [0m[37m        Math symbols[0m │
│[37m [0m[37m    Currency[0m │[37m [0m[37m ¥€$₹£₽[0m │[37m [0m[37m    Currency symbols[0m │
│[37m [0m[37m Punctuation[0m │[37m [0m[37m  ¡¿—–…[0m │[37m [0m[37m Special punctuation[0m │
│[37m [0m[37m  Diacritics[0m │[37m [0m[37m áéíóúñ[0m │[37m [0m[37mLetters with accents[0m │
└──────────────┴─────────┴──────────────────────┘"
`;

exports[`Foreign Language and Special Character Support should handle text with different directionality 1`] = `
"┌───────────┬──────────────────┬──────────────────────┐
│[37m [0m[01mdirection[0m │[37m [0m[01m         content[0m │[37m [0m[01m         description[0m │
├───────────┼──────────────────┼──────────────────────┤
│[37m [0m[37m      LTR[0m │[37m [0m[37m    English text[0m │[37m [0m[37m  Left-to-right text[0m │
│[37m [0m[37m      RTL[0m │[37m [0m[37m         نص عربي[0m │[37m [0m[37m  Right-to-left text[0m │
│[37m [0m[37m    Mixed[0m │[37m [0m[37mHello مرحبا 你好[0m │[37m [0m[37mMixed direction text[0m │
└───────────┴──────────────────┴──────────────────────┘"
`;

exports[`Foreign Language and Special Character Support should handle various Unicode characters 1`] = `
"┌──────────┬────────────────┬─────────────────────────┐
│[37m [0m[01mlanguage[0m │[37m [0m[01m          text[0m │[37m [0m[01m            description[0m │
├──────────┼────────────────┼─────────────────────────┤
│[37m [0m[37mJapanese[0m │[37m [0m[37mこんにちは世界[0m │[37m [0m[37mHello World in Japanese[0m │
│[37m [0m[37m  Korean[0m │[37m [0m[37m    안녕하세요[0m │[37m [0m[37m        Hello in Korean[0m │
│[37m [0m[37m  Arabic[0m │[37m [0m[37m مرحبا بالعالم[0m │[37m [0m[37m  Hello World in Arabic[0m │
│[37m [0m[37m Russian[0m │[37m [0m[37m    Привет мир[0m │[37m [0m[37m Hello World in Russian[0m │
│[37m [0m[37m   Greek[0m │[37m [0m[37mΓεια σας κόσμε[0m │[37m [0m[37m   Hello World in Greek[0m │
└──────────┴────────────────┴─────────────────────────┘"
`;
