// Jest Snapshot v1, https://goo.gl/fbAQLP

exports[`Testing column max Width Simple Line Limit 1`] = `
"┌──────────────────────┬──────────────────┬────────┐
[37m│[0m[37m [0m[01mred_left_align_index[0m[37m │[0m[37m [0m[01mright_align_text[0m[37m │[0m[37m [0m[01mgreen [0m[37m │[0m
├──────────────────────┼──────────────────┼────────┤
[37m│[0m[37m [0m[31m2                   [0m[37m │[0m[37m [0m[34mThis row is blue[0m[37m │[0m[37m [0m[32m10.212[0m[37m │[0m
[37m│[0m[37m [0m[31m3                   [0m[37m │[0m[37m [0m[31m    I would like[0m[37m │[0m[37m [0m[32m10.212[0m[37m │[0m
[37m│[0m[37m [0m[31m                    [0m[37m │[0m[37m [0m[31m   some red wine[0m[37m │[0m[37m [0m[32m      [0m[37m │[0m
[37m│[0m[37m [0m[31m                    [0m[37m │[0m[37m [0m[31m          please[0m[37m │[0m[37m [0m[32m      [0m[37m │[0m
[37m│[0m[37m [0m[31m4                   [0m[37m │[0m[37m [0m[36m    I would like[0m[37m │[0m[37m [0m[32m10.212[0m[37m │[0m
[37m│[0m[37m [0m[31m                    [0m[37m │[0m[37m [0m[36m  some cyan wine[0m[37m │[0m[37m [0m[32m      [0m[37m │[0m
[37m│[0m[37m [0m[31m                    [0m[37m │[0m[37m [0m[36m          please[0m[37m │[0m[37m [0m[32m      [0m[37m │[0m
[37m│[0m[37m [0m[31m5                   [0m[37m │[0m[37m [0m[01m    I would like[0m[37m │[0m[37m [0m[32m10.212[0m[37m │[0m
[37m│[0m[37m [0m[31m                    [0m[37m │[0m[37m [0m[01m some white_bold[0m[37m │[0m[37m [0m[32m      [0m[37m │[0m
[37m│[0m[37m [0m[31m                    [0m[37m │[0m[37m [0m[01m     wine please[0m[37m │[0m[37m [0m[32m      [0m[37m │[0m
[37m│[0m[37m [0m[31m6                   [0m[37m │[0m[37m [0m[38m    I would like[0m[37m │[0m[37m [0m[32m10.212[0m[37m │[0m
[37m│[0m[37m [0m[31m                    [0m[37m │[0m[37m [0m[38msome crimson sky[0m[37m │[0m[37m [0m[32m      [0m[37m │[0m
[37m│[0m[37m [0m[31m                    [0m[37m │[0m[37m [0m[38m          please[0m[37m │[0m[37m [0m[32m      [0m[37m │[0m
[37m│[0m[37m [0m[31m7                   [0m[37m │[0m[37m [0m[32m    I would like[0m[37m │[0m[37m [0m[32m  20  [0m[37m │[0m
[37m│[0m[37m [0m[31m                    [0m[37m │[0m[37m [0m[32m      some green[0m[37m │[0m[37m [0m[32m      [0m[37m │[0m
[37m│[0m[37m [0m[31m                    [0m[37m │[0m[37m [0m[32m   gemuse please[0m[37m │[0m[37m [0m[32m      [0m[37m │[0m
[37m│[0m[37m [0m[31m8                   [0m[37m │[0m[37m [0m[33m    I would like[0m[37m │[0m[37m [0m[32m 100  [0m[37m │[0m
[37m│[0m[37m [0m[31m                    [0m[37m │[0m[37m [0m[33m       some gelb[0m[37m │[0m[37m [0m[32m      [0m[37m │[0m
[37m│[0m[37m [0m[31m                    [0m[37m │[0m[37m [0m[33m   bananen bitte[0m[37m │[0m[37m [0m[32m      [0m[37m │[0m
└──────────────────────┴──────────────────┴────────┘"
`;
