// Jest Snapshot v1, https://goo.gl/fbAQLP

exports[`Newline Character Handling should handle basic newline characters 1`] = `
"┌──────────────────┬────────────┬────────────┐
│[37m [0m[01m     single_line[0m │[37m [0m[01mmulti_line[0m │[37m [0m[01mmixed_line[0m │
├──────────────────┼────────────┼────────────┤
│[37m [0m[37mNo newlines here[0m │[37m [0m[37mFirst line[0m │[37m [0m[37mStart text[0m │
│[37m [0m[37m                [0m │[37m [0m[37m    Second[0m │[37m [0m[37m    Middle[0m │
│[37m [0m[37m                [0m │[37m [0m[37m      line[0m │[37m [0m[37m  End text[0m │
│[37m [0m[37m                [0m │[37m [0m[37mThird line[0m │[37m [0m[37m          [0m │
└──────────────────┴────────────┴────────────┘"
`;

exports[`Newline Character Handling should handle complex content with mixed formatting 1`] = `
"┌──────────────────────┬──────────────────────────────────────────┬────────────────────────────────┐
│[37m [0m[01mlist                [0m │[37m [0m[01mparagraph                               [0m │[37m [0m[01mcode                          [0m │
├──────────────────────┼──────────────────────────────────────────┼────────────────────────────────┤
│[37m [0m[37m• Item 1            [0m │[37m [0m[37mThis is a paragraph.                    [0m │[37m [0m[37mfunction example() {          [0m │
│[37m [0m[37m• Item 2            [0m │[37m [0m[37mIt contains multiple sentences.         [0m │[37m [0m[37m  console.log("test");        [0m │
│[37m [0m[37m• Item 3            [0m │[37m [0m[37mAnd spans several lines.                [0m │[37m [0m[37m  return true;                [0m │
│[37m [0m[37m                    [0m │[37m [0m[37m                                        [0m │[37m [0m[37m}                             [0m │
└──────────────────────┴──────────────────────────────────────────┴────────────────────────────────┘"
`;

exports[`Newline Character Handling should handle different types of line breaks 1`] = `
"┌────────────┬───────────────┬───────────┐
│[37m [0m[01munix_style[0m │[37m [0m[01mwindows_style[0m │[37m [0m[01mmac_style[0m │
├────────────┼───────────────┼───────────┤
│[37m [0m[37m    Line 1[0m │[37m [0m[37m       Line 1[0m │[37m [0m[37m   Line 1[0m │
│[37m [0m[37m    Line 2[0m │[37m [0m[37m             [0m │[37m [0m[37m   Line 2[0m │
│[37m [0m[37m    Line 3[0m │[37m [0m[37m       Line 2[0m │[37m [0m[37m   Line 3[0m │
│[37m [0m[37m          [0m │[37m [0m[37m             [0m │[37m [0m[37m         [0m │
│[37m [0m[37m          [0m │[37m [0m[37m       Line 3[0m │[37m [0m[37m         [0m │
└────────────┴───────────────┴───────────┘"
`;

exports[`Newline Character Handling should handle empty lines and whitespace 1`] = `
"┌─────────────┬────────────┬───────┐
│[37m [0m[01mempty_lines[0m │[37m [0m[01mwhitespace[0m │[37m [0m[01mmixed[0m │
├─────────────┼────────────┼───────┤
│[37m [0m[37m      Start[0m │[37m [0m[37m  Indented[0m │[37m [0m[37mNormal[0m │
│[37m [0m[37m           [0m │[37m [0m[37m      More[0m │[37m [0m[37m     [0m │
│[37m [0m[37m     Middle[0m │[37m [0m[37m  indented[0m │[37m [0m[37mIndented[0m │
│[37m [0m[37m           [0m │[37m [0m[37m      Most[0m │[37m [0m[37m     [0m │
│[37m [0m[37m        End[0m │[37m [0m[37m  indented[0m │[37m [0m[37mEmpty[0m │
│[37m [0m[37m           [0m │[37m [0m[37m          [0m │[37m [0m[37m line[0m │
│[37m [0m[37m           [0m │[37m [0m[37m          [0m │[37m [0m[37m     [0m │
│[37m [0m[37m           [0m │[37m [0m[37m          [0m │[37m [0m[37mIndented[0m │
│[37m [0m[37m           [0m │[37m [0m[37m          [0m │[37m [0m[37magain[0m │
└─────────────┴────────────┴───────┘"
`;

exports[`Newline Character Handling should handle newlines with column width constraints 1`] = `
"┌────────────┬──────────────────────┬────────────────────────────────┐
│[37m [0m[01m    narrow[0m │[37m [0m[01m              medium[0m │[37m [0m[01m                          wide[0m │
├────────────┼──────────────────────┼────────────────────────────────┤
│[37m [0m[37m     Short[0m │[37m [0m[37m       Medium length[0m │[37m [0m[37mThis is a longer piece of text[0m │
│[37m [0m[37m      text[0m │[37m [0m[37m     text that spans[0m │[37m [0m[37m       that should span across[0m │
│[37m [0m[37m      here[0m │[37m [0m[37m      multiple lines[0m │[37m [0m[37m         multiple lines nicely[0m │
└────────────┴──────────────────────┴────────────────────────────────┘"
`;

exports[`Newline Character Handling should handle newlines with different column alignments 1`] = `
"┌────────────┬──────────────┬─────────────┐
│[37m [0m[01mleft_align[0m │[37m [0m[01mcenter_align[0m │[37m [0m[01mright_align[0m │
├────────────┼──────────────┼─────────────┤
│[37m [0m[37mFirst     [0m │[37m [0m[37m    One     [0m │[37m [0m[37m      Start[0m │
│[37m [0m[37mSecond    [0m │[37m [0m[37m    Two     [0m │[37m [0m[37m     Middle[0m │
│[37m [0m[37mThird     [0m │[37m [0m[37m   Three    [0m │[37m [0m[37m        End[0m │
└────────────┴──────────────┴─────────────┘"
`;

exports[`Testing line breaks in table cells does not break the table 1`] = `
"┌────────────┬──────────────────────────────────────────┬──────────────────────────────────────────┐
│[37m [0m[01m       foo[0m │[37m [0m[01m                  bar                   [0m │[37m [0m[01mbaz                                     [0m │
├────────────┼──────────────────────────────────────────┼──────────────────────────────────────────┤
│[37m [0m[37mSed dictum[0m │[37m [0m[37m              Pellentesque              [0m │[37m [0m[37m* Cras ac ligula aliquet, ultrices erat [0m │
│[37m [0m[37m          [0m │[37m [0m[37m  habitant morbi tristique senectus et  [0m │[37m [0m[37mquis, laoreet lorem.                    [0m │
│[37m [0m[37m          [0m │[37m [0m[37m   netus et malesuada fames ac turpis   [0m │[37m [0m[37m* Mauris rutrum nisi et nisl            [0m │
│[37m [0m[37m          [0m │[37m [0m[37megestas. Maecenas ut scelerisque felis. [0m │[37m [0m[37msollicitudin semper.                    [0m │
│[37m [0m[37m          [0m │[37m [0m[37m  Etiam ut leo fringilla lacus posuere  [0m │[37m [0m[37m* Nunc laoreet felis auctor diam aliquet[0m │
│[37m [0m[37m          [0m │[37m [0m[37m      dignissim aliquet eu nulla.       [0m │[37m [0m[37msemper.                                 [0m │
│[37m [0m[37m          [0m │[37m [0m[37m                                        [0m │[37m [0m[37m* Integer aliquet urna imperdiet orci   [0m │
│[37m [0m[37m          [0m │[37m [0m[37m Etiam placerat ultricies sollicitudin. [0m │[37m [0m[37mpulvinar, at vulputate ante consectetur.[0m │
│[37m [0m[37m          [0m │[37m [0m[37m Maecenas ultrices feugiat tempor. Nam  [0m │[37m [0m[37m* Pellentesque a lectus porttitor,      [0m │
│[37m [0m[37m          [0m │[37m [0m[37m  non nisi vel diam tristique commodo.  [0m │[37m [0m[37mcondimentum lacus non, venenatis lacus. [0m │
│[37m [0m[37m          [0m │[37m [0m[37mEtiam sit amet nisi sagittis, fringilla [0m │[37m [0m[37m                                        [0m │
│[37m [0m[37m          [0m │[37m [0m[37m  tortor sed, efficitur nisl. Maecenas  [0m │[37m [0m[37m                                        [0m │
│[37m [0m[37m          [0m │[37m [0m[37m      tincidunt lobortis dapibus.       [0m │[37m [0m[37m                                        [0m │
└────────────┴──────────────────────────────────────────┴──────────────────────────────────────────┘"
`;
