// Jest Snapshot v1, https://goo.gl/fbAQLP

exports[`Testing column alignment all kind of alignments are working 1`] = `
"┌──────────────────────┬──────────────────┬────────────────────┐
[37m│[0m[37m [0m[01mred_left_align_index[0m[37m │[0m[37m [0m[01mright_align_text[0m[37m │[0m[37m [0m[01mgreen_value_center[0m[37m │[0m
├──────────────────────┼──────────────────┼────────────────────┤
[37m│[0m[37m [0m[31m2                   [0m[37m │[0m[37m [0m[34mThis row is blue[0m[37m │[0m[37m [0m[32m      10.212      [0m[37m │[0m
└──────────────────────┴──────────────────┴────────────────────┘"
`;

exports[`Testing column alignment should allow chaining add methods 1`] = `
"┌─────┬─────┐
[37m│[0m[37m [0m[01mfoo[0m[37m │[0m[37m [0m[01mbar[0m[37m │[0m
├─────┼─────┤
[37m│[0m[37m [0m[37m  1[0m[37m │[0m[37m [0m[37m   [0m[37m │[0m
[37m│[0m[37m [0m[37m   [0m[37m │[0m[37m [0m[37m  2[0m[37m │[0m
└─────┴─────┘"
`;
