// Jest Snapshot v1, https://goo.gl/fbAQLP

exports[`Testing column alignment should handle alignment with Unicode and emojis 1`] = `
"┌───────────┬───────────────┬────────────┐
│[37m [0m[01mleftEmoji[0m │[37m [0m[01mcenterUnicode[0m │[37m [0m[01mrightMixed[0m │
├───────────┼───────────────┼────────────┤
│[37m [0m[33m👋 Hello [0m │[37m [0m[36m    ♠♣♥♦     [0m │[37m [0m[32m    End 🎉[0m │
│[37m [0m[33m🌟 Star  [0m │[37m [0m[36m    →←↑↓     [0m │[37m [0m[32m   ⚡ Flash[0m │
│[37m [0m[33m🎨 Art   [0m │[37m [0m[36m    ❤️💔💖    [0m │[37m [0m[32m    Done ✅[0m │
└───────────┴───────────────┴────────────┘"
`;

exports[`Testing column alignment should handle alignment with dynamic width columns 1`] = `
"┌────────────┬───────────────────────────────────┬─────────────────────────────┐
│[37m [0m[01mnarrow    [0m │[37m [0m[01m              wide               [0m │[37m [0m[01m                   adaptive[0m │
├────────────┼───────────────────────────────────┼─────────────────────────────┤
│[37m [0m[37mShort     [0m │[37m [0m[37mThis is centered in a wide column[0m │[37m [0m[37m                      Right[0m │
│[37m [0m[37mTruncated [0m │[37m [0m[37m             Center              [0m │[37m [0m[37mThis will push column width[0m │
│[37m [0m[37mText      [0m │[37m [0m[37m                                 [0m │[37m [0m[37m                           [0m │
│[37m [0m[37mABC       [0m │[37m [0m[37m           Wide center           [0m │[37m [0m[37m                      12345[0m │
└────────────┴───────────────────────────────────┴─────────────────────────────┘"
`;

exports[`Testing column alignment should handle alignment with mixed colors and styles 1`] = `
"┌──────────────────────┬──────────────────────────────────────────┬────────────────────┐
│[37m [0m[01mred_left_align_index[0m │[37m [0m[01m                        right_align_text[0m │[37m [0m[01mgreen_value_center[0m │
├──────────────────────┼──────────────────────────────────────────┼────────────────────┤
│[37m [0m[31m2                   [0m │[37m [0m[34m                        This row is blue[0m │[37m [0m[32m      10.212      [0m │
│[37m [0m[31m3                   [0m │[37m [0m[31m       I would like some red wine please[0m │[37m [0m[32m      10.212      [0m │
│[37m [0m[31m4                   [0m │[37m [0m[36m      I would like some cyan wine please[0m │[37m [0m[32m      10.212      [0m │
│[37m [0m[31m5                   [0m │[37m [0m[01mI would like some white_bold wine please[0m │[37m [0m[32m      10.212      [0m │
│[37m [0m[31m7                   [0m │[37m [0m[32m   I would like some green gemuse please[0m │[37m [0m[32m        20        [0m │
│[37m [0m[31m8                   [0m │[37m [0m[33m    I would like some gelb bananen bitte[0m │[37m [0m[32m       100        [0m │
└──────────────────────┴──────────────────────────────────────────┴────────────────────┘"
`;

exports[`Testing column alignment should handle alignment with multi-line content 1`] = `
"┌──────────┬─────────────────┬───────────┐
│[37m [0m[01mleftList[0m │[37m [0m[01mcenterParagraph[0m │[37m [0m[01mrightCode[0m │
├──────────┼─────────────────┼───────────┤
│[37m [0m[37m• First [0m │[37m [0m[37m     Title     [0m │[37m [0m[37mfunction()[0m │
│[37m [0m[37m• Second[0m │[37m [0m[37m    Content    [0m │[37m [0m[37m        {[0m │
│[37m [0m[37m• Third [0m │[37m [0m[37m    Footer     [0m │[37m [0m[37m  return;[0m │
│[37m [0m[37m        [0m │[37m [0m[37m               [0m │[37m [0m[37m        }[0m │
│[37m [0m[37m1. One  [0m │[37m [0m[37m     Start     [0m │[37m [0m[37m   x = 1;[0m │
│[37m [0m[37m2. Two  [0m │[37m [0m[37m      End      [0m │[37m [0m[37m   y = 2;[0m │
└──────────┴─────────────────┴───────────┘"
`;

exports[`Testing column alignment should handle basic alignment with mixed content types 1`] = `
"┌──────────┬──────────────┬───────┐
│[37m [0m[01m numbers[0m │[37m [0m[01mtext        [0m │[37m [0m[01mmixed[0m │
├──────────┼──────────────┼───────┤
│[37m [0m[37m12345.67[0m │[37m [0m[37mRegular text[0m │[37m [0m[37m!@#$%[0m │
│[37m [0m[37m -987.65[0m │[37m [0m[37mLeft aligned[0m │[37m [0m[37m12ABC[0m │
│[37m [0m[37m       0[0m │[37m [0m[37mSimple      [0m │[37m [0m[37m ✓✗  [0m │
└──────────┴──────────────┴───────┘"
`;
