// Jest Snapshot v1, https://goo.gl/fbAQLP

exports[`Border Style Tests should render table with ASCII borders 1`] = `
"+--------+----------+-------+
|[37m [0m[01mitem  [0m |[37m [0m[01mquantity[0m |[37m [0m[01mprice[0m |
+--------+----------+-------+
|[37m [0m[37mApple [0m |[37m [0m[37m       5[0m |[37m [0m[37m  0.5[0m |
|[37m [0m[37mBanana[0m |[37m [0m[37m       3[0m |[37m [0m[37m  0.3[0m |
|[37m [0m[37mOrange[0m |[37m [0m[37m       4[0m |[37m [0m[37m  0.6[0m |
+--------+----------+-------+"
`;

exports[`Border Style Tests should render table with colored borders 1`] = `
"[31m╔[0m[31m═[0m[31m═[0m[31m═[0m[31m═[0m[31m═[0m[31m═[0m[31m╦[0m[31m═[0m[31m═[0m[31m═[0m[31m═[0m[31m═[0m[31m═[0m[31m═[0m[31m╦[0m[31m═[0m[31m═[0m[31m═[0m[31m═[0m[31m═[0m[31m═[0m[31m═[0m[31m╗[0m
[31m║[0m[37m [0m[01mname[0m [31m║[0m[37m [0m[01mscore[0m [31m║[0m[37m [0m[01mgrade[0m [31m║[0m
[31m╟[0m[31m═[0m[31m═[0m[31m═[0m[31m═[0m[31m═[0m[31m═[0m[31m╬[0m[31m═[0m[31m═[0m[31m═[0m[31m═[0m[31m═[0m[31m═[0m[31m═[0m[31m╬[0m[31m═[0m[31m═[0m[31m═[0m[31m═[0m[31m═[0m[31m═[0m[31m═[0m[31m╢[0m
[31m║[0m[37m [0m[37mJohn[0m [31m║[0m[37m [0m[37m   95[0m [31m║[0m[37m [0m[37m  A  [0m [31m║[0m
[31m║[0m[37m [0m[37mJane[0m [31m║[0m[37m [0m[37m   88[0m [31m║[0m[37m [0m[37m  B  [0m [31m║[0m
[31m║[0m[37m [0m[37mBob [0m [31m║[0m[37m [0m[37m   75[0m [31m║[0m[37m [0m[37m  C  [0m [31m║[0m
[31m╚[0m[31m═[0m[31m═[0m[31m═[0m[31m═[0m[31m═[0m[31m═[0m[31m╩[0m[31m═[0m[31m═[0m[31m═[0m[31m═[0m[31m═[0m[31m═[0m[31m═[0m[31m╩[0m[31m═[0m[31m═[0m[31m═[0m[31m═[0m[31m═[0m[31m═[0m[31m═[0m[31m╝[0m"
`;

exports[`Border Style Tests should render table with custom fat borders 1`] = `
"╔═══════╦════════════╦════════╗
║[37m [0m[01mindex[0m ║[37m [0m[01m      text[0m ║[37m [0m[01m value[0m ║
╟═══════╬════════════╬════════╢
║[37m [0m[37m1    [0m ║[37m [0m[37m First row[0m ║[37m [0m[37m10.212[0m ║
║[37m [0m[37m2    [0m ║[37m [0m[37mSecond row[0m ║[37m [0m[37m    20[0m ║
║[37m [0m[37m3    [0m ║[37m [0m[37m Third row[0m ║[37m [0m[37m   100[0m ║
╚═══════╩════════════╩════════╝"
`;

exports[`Border Style Tests should render table with double-line borders 1`] = `
"╒════╤═════════════╤══════════╕
│[37m [0m[01mid[0m │[37m [0m[01mdescription[0m │[37m [0m[01m  status[0m │
╞════╪═════════════╪══════════╡
│[37m [0m[37mA1[0m │[37m [0m[37mFirst item [0m │[37m [0m[37m  Active[0m │
│[37m [0m[37mB2[0m │[37m [0m[37mSecond item[0m │[37m [0m[37m Pending[0m │
│[37m [0m[37mC3[0m │[37m [0m[37mThird item [0m │[37m [0m[37mInactive[0m │
╘════╧═════════════╧══════════╛"
`;

exports[`Border Style Tests should render table with minimal borders 1`] = `
"
 [37m [0m[01mdate      [0m  [37m [0m[01mevent      [0m  [37m [0m[01mlocation[0m  

 [37m [0m[37m2024-01-01[0m  [37m [0m[37mNew Year   [0m  [37m [0m[37mNew York[0m  
 [37m [0m[37m2024-02-14[0m  [37m [0m[37mValentine  [0m  [37m [0m[37m   Paris[0m  
 [37m [0m[37m2024-03-17[0m  [37m [0m[37mSt. Patrick[0m  [37m [0m[37m  Dublin[0m  
"
`;
