// Jest Snapshot v1, https://goo.gl/fbAQLP

exports[`Example: Check if borders are styled properly print a RED table 1`] = `
"[31m╔[0m[31m═[0m[31m═[0m[31m═[0m[31m═[0m[31m═[0m[31m═[0m[31m═[0m[31m╦[0m[31m═[0m[31m═[0m[31m═[0m[31m═[0m[31m═[0m[31m═[0m[31m═[0m[31m═[0m[31m═[0m[31m═[0m[31m═[0m[31m═[0m[31m═[0m[31m═[0m[31m═[0m[31m═[0m[31m═[0m[31m═[0m[31m═[0m[31m═[0m[31m═[0m[31m═[0m[31m═[0m[31m═[0m[31m═[0m[31m═[0m[31m═[0m[31m═[0m[31m═[0m[31m═[0m[31m═[0m[31m═[0m[31m═[0m[31m═[0m[31m═[0m[31m═[0m[31m═[0m[31m═[0m[31m═[0m[31m╦[0m[31m═[0m[31m═[0m[31m═[0m[31m═[0m[31m═[0m[31m═[0m[31m═[0m[31m═[0m[31m╗[0m
[31m║[0m[37m [0m[01mindex[0m [31m║[0m[37m [0m[01m                                 text[0m [31m║[0m[37m [0m[01m value[0m [31m║[0m
[31m╟[0m[31m═[0m[31m═[0m[31m═[0m[31m═[0m[31m═[0m[31m═[0m[31m═[0m[31m╬[0m[31m═[0m[31m═[0m[31m═[0m[31m═[0m[31m═[0m[31m═[0m[31m═[0m[31m═[0m[31m═[0m[31m═[0m[31m═[0m[31m═[0m[31m═[0m[31m═[0m[31m═[0m[31m═[0m[31m═[0m[31m═[0m[31m═[0m[31m═[0m[31m═[0m[31m═[0m[31m═[0m[31m═[0m[31m═[0m[31m═[0m[31m═[0m[31m═[0m[31m═[0m[31m═[0m[31m═[0m[31m═[0m[31m═[0m[31m═[0m[31m═[0m[31m═[0m[31m═[0m[31m═[0m[31m═[0m[31m╬[0m[31m═[0m[31m═[0m[31m═[0m[31m═[0m[31m═[0m[31m═[0m[31m═[0m[31m═[0m[31m╢[0m
[31m║[0m[37m [0m[31m1    [0m [31m║[0m[37m [0m[31m    I would like some red wine please[0m [31m║[0m[37m [0m[31m10.212[0m [31m║[0m
[31m║[0m[37m [0m[32m2    [0m [31m║[0m[37m [0m[32mI would like some green gemuse please[0m [31m║[0m[37m [0m[32m    20[0m [31m║[0m
[31m║[0m[37m [0m[33m3    [0m [31m║[0m[37m [0m[33m I would like some gelb bananen bitte[0m [31m║[0m[37m [0m[33m   100[0m [31m║[0m
[31m╚[0m[31m═[0m[31m═[0m[31m═[0m[31m═[0m[31m═[0m[31m═[0m[31m═[0m[31m╩[0m[31m═[0m[31m═[0m[31m═[0m[31m═[0m[31m═[0m[31m═[0m[31m═[0m[31m═[0m[31m═[0m[31m═[0m[31m═[0m[31m═[0m[31m═[0m[31m═[0m[31m═[0m[31m═[0m[31m═[0m[31m═[0m[31m═[0m[31m═[0m[31m═[0m[31m═[0m[31m═[0m[31m═[0m[31m═[0m[31m═[0m[31m═[0m[31m═[0m[31m═[0m[31m═[0m[31m═[0m[31m═[0m[31m═[0m[31m═[0m[31m═[0m[31m═[0m[31m═[0m[31m═[0m[31m═[0m[31m╩[0m[31m═[0m[31m═[0m[31m═[0m[31m═[0m[31m═[0m[31m═[0m[31m═[0m[31m═[0m[31m╝[0m"
`;

exports[`Example: Check if borders are styled properly print a fat border table 1`] = `
"╔═══════╦═══════════════════════════════════════╦════════╗
║[37m [0m[01mindex[0m ║[37m [0m[01m                                 text[0m ║[37m [0m[01m value[0m ║
╟═══════╬═══════════════════════════════════════╬════════╢
║[37m [0m[31m1    [0m ║[37m [0m[31m    I would like some red wine please[0m ║[37m [0m[31m10.212[0m ║
║[37m [0m[32m2    [0m ║[37m [0m[32mI would like some green gemuse please[0m ║[37m [0m[32m    20[0m ║
║[37m [0m[33m3    [0m ║[37m [0m[33m I would like some gelb bananen bitte[0m ║[37m [0m[33m   100[0m ║
╚═══════╩═══════════════════════════════════════╩════════╝"
`;
