// Jest Snapshot v1, https://goo.gl/fbAQLP

exports[`Testing column alignment all kind of alignments are working 1`] = `
"┌──────────────────────┬──────────────────────────────────────────┬────────────────────┐
│[37m [0m[01mred_left_align_index[0m │[37m [0m[01m                        right_align_text[0m │[37m [0m[01mgreen_value_center[0m │
├──────────────────────┼──────────────────────────────────────────┼────────────────────┤
│[37m [0m[34m2                   [0m │[37m [0m[34m                        This row is blue[0m │[37m [0m[34m      10.212      [0m │
│[37m [0m[31m3                   [0m │[37m [0m[31m       I would like some red wine please[0m │[37m [0m[31m      10.212      [0m │
└──────────────────────┴──────────────────────────────────────────┴────────────────────┘"
`;
