// Jest Snapshot v1, https://goo.gl/fbAQLP

exports[`Example: Print a simple Table without table instance creation simple print 1`] = `
"┌───────┬──────────────────────────────────────┬───────┐
│[37m [0m[01mindex[0m │[37m [0m[01m                                text[0m │[37m [0m[01mvalue[0m │
├───────┼──────────────────────────────────────┼───────┤
│[37m [0m[37m    3[0m │[37m [0m[37mI would like some gelb bananen bitte[0m │[37m [0m[37m  100[0m │
│[37m [0m[37m    4[0m │[37m [0m[37m      I hope batch update is working[0m │[37m [0m[37m  300[0m │
└───────┴──────────────────────────────────────┴───────┘"
`;
