// Jest Snapshot v1, https://goo.gl/fbAQLP

exports[`Testing column alignment Simpler title test 1`] = `
"[01m                        Some Random Title                         [0m
┌──────────────────────┬────────────────────┬──────┬──────┬──────┐
│[37m [0m[01mred_left_align_index[0m │[37m [0m[01mgreen_value_center[0m │[37m [0m[01mcol1[0m │[37m [0m[01mcol2[0m │[37m [0m[01mcol2[0m │
├──────────────────────┼────────────────────┼──────┼──────┼──────┤
│[37m [0m[37m3                   [0m │[37m [0m[32m      10.212      [0m │[37m [0m[37m    [0m │[37m [0m[37m    [0m │[37m [0m[37m    [0m │
│[37m [0m[37m4                   [0m │[37m [0m[32m      10.212      [0m │[37m [0m[37m    [0m │[37m [0m[37m    [0m │[37m [0m[37m    [0m │
│[37m [0m[37m5                   [0m │[37m [0m[32m      10.212      [0m │[37m [0m[37m    [0m │[37m [0m[37m    [0m │[37m [0m[37m    [0m │
└──────────────────────┴────────────────────┴──────┴──────┴──────┘"
`;

exports[`Testing column alignment all kind of alignments are working 1`] = `
"[01m                                   Some Random Title                                    [0m
┌──────────────────────┬──────────────────────────────────────────┬────────────────────┐
│[37m [0m[01mred_left_align_index[0m │[37m [0m[01m                        right_align_text[0m │[37m [0m[01mgreen_value_center[0m │
├──────────────────────┼──────────────────────────────────────────┼────────────────────┤
│[37m [0m[31m2                   [0m │[37m [0m[34m                        This row is blue[0m │[37m [0m[32m      10.212      [0m │
│[37m [0m[31m3                   [0m │[37m [0m[31m       I would like some red wine please[0m │[37m [0m[32m      10.212      [0m │
│[37m [0m[31m4                   [0m │[37m [0m[36m      I would like some cyan wine please[0m │[37m [0m[32m      10.212      [0m │
│[37m [0m[31m5                   [0m │[37m [0m[01mI would like some white_bold wine please[0m │[37m [0m[32m      10.212      [0m │
│[37m [0m[31m6                   [0m │[37m [0m    I would like some crimson sky please │[37m [0m[32m      10.212      [0m │
│[37m [0m[31m7                   [0m │[37m [0m[32m   I would like some green gemuse please[0m │[37m [0m[32m        20        [0m │
│[37m [0m[31m8                   [0m │[37m [0m[33m    I would like some gelb bananen bitte[0m │[37m [0m[32m       100        [0m │
└──────────────────────┴──────────────────────────────────────────┴────────────────────┘"
`;
